../Drivers/CMSIS/Include/core_cm4.h:2064:26:ITM_SendChar	16	static,ignoring_inline_asm
../Core/Src/main.c:67:5:__io_putchar	16	static
../Core/Src/main.c:79:5:main	8	static
../Core/Src/main.c:184:6:SystemClock_Config	88	static
../Core/Src/main.c:230:13:MX_TIM3_Init	32	static
../Core/Src/main.c:275:13:MX_TIM4_Init	32	static
../Core/Src/main.c:320:13:MX_USART3_UART_Init	8	static
../Core/Src/main.c:353:13:MX_GPIO_Init	64	static
../Core/Src/main.c:475:6:HAL_TIM_PeriodElapsedCallback	16	static
../Core/Src/main.c:538:6:Error_Handler	4	static,ignoring_inline_asm
