10:04:09 **** Incremental Build of configuration Debug for project cv05 ****
make -j4 all 
arm-none-eabi-gcc "../Core/Src/main.c" -mcpu=cortex-m0 -std=gnu11 -g3 -DDEBUG -DUSE_HAL_DRIVER -DSTM32F030x8 -c -I../Core/Inc -I../Drivers/STM32F0xx_HAL_Driver/Inc -I../Drivers/STM32F0xx_HAL_Driver/Inc/Legacy -I../Drivers/CMSIS/Device/ST/STM32F0xx/Include -I../Drivers/CMSIS/Include -O0 -ffunction-sections -fdata-sections -Wall -fstack-usage -fcyclomatic-complexity -MMD -MP -MF"Core/Src/main.d" -MT"Core/Src/main.o" --specs=nano.specs -mfloat-abi=soft -mthumb -o "Core/Src/main.o"
arm-none-eabi-gcc -o "cv05.elf" @"objects.list"   -mcpu=cortex-m0 -T"C:\Temp\tavoda\MPC-MKS\cv05\STM32F030R8TX_FLASH.ld" --specs=nosys.specs -Wl,-Map="cv05.map" -Wl,--gc-sections -static --specs=nano.specs -mfloat-abi=soft -mthumb -Wl,--start-group -lc -lm -Wl,--end-group
Finished building target: cv05.elf
 
arm-none-eabi-size  cv05.elf 
arm-none-eabi-objdump -h -S cv05.elf  > "cv05.list"
   text	   data	    bss	    dec	    hex	filename
  21368	    104	   2520	  23992	   5db8	cv05.elf
Finished building: default.size.stdout
 
Finished building: cv05.list
 

10:04:10 Build Finished. 0 errors, 0 warnings. (took 1s.134ms)

