10:49:45 **** Incremental Build of configuration Debug for project cv08 ****
make -j4 all 
arm-none-eabi-gcc "../Core/Src/main.c" -mcpu=cortex-m4 -std=gnu11 -g3 -DDEBUG -DUSE_HAL_DRIVER -DSTM32F429xx -c -I../Core/Inc -I../Drivers/STM32F4xx_HAL_Driver/Inc -I../Drivers/STM32F4xx_HAL_Driver/Inc/Legacy -I../Drivers/CMSIS/Device/ST/STM32F4xx/Include -I../Drivers/CMSIS/Include -O0 -ffunction-sections -fdata-sections -Wall -fstack-usage -fcyclomatic-complexity -MMD -MP -MF"Core/Src/main.d" -MT"Core/Src/main.o" --specs=nano.specs -mfpu=fpv4-sp-d16 -mfloat-abi=hard -mthumb -o "Core/Src/main.o"
arm-none-eabi-gcc -o "cv08.elf" @"objects.list"   -mcpu=cortex-m4 -T"C:\Temp\tavoda\MPC-MKS\cv08\STM32F429ZITX_FLASH.ld" --specs=nosys.specs -Wl,-Map="cv08.map" -Wl,--gc-sections -static --specs=nano.specs -mfpu=fpv4-sp-d16 -mfloat-abi=hard -mthumb -Wl,--start-group -lc -lm -Wl,--end-group
Finished building target: cv08.elf
 
arm-none-eabi-size  cv08.elf 
arm-none-eabi-objdump -h -S cv08.elf  > "cv08.list"
   text	   data	    bss	    dec	    hex	filename
  16540	    104	   2144	  18788	   4964	cv08.elf
Finished building: default.size.stdout
 
Finished building: cv08.list
 

10:49:47 Build Finished. 0 errors, 0 warnings. (took 1s.238ms)

