10:37:22 **** Incremental Build of configuration Debug for project cv09 ****
make -j4 all 
arm-none-eabi-gcc "../Core/Src/main.c" -mcpu=cortex-m4 -std=gnu11 -g3 -DDEBUG -DUSE_HAL_DRIVER -DSTM32F429xx -c -I../Core/Inc -I../Drivers/STM32F4xx_HAL_Driver/Inc -I../Drivers/STM32F4xx_HAL_Driver/Inc/Legacy -I../Drivers/CMSIS/Device/ST/STM32F4xx/Include -I../Drivers/CMSIS/Include -I../USB_DEVICE/App -I../USB_DEVICE/Target -I../Middlewares/ST/STM32_USB_Device_Library/Core/Inc -I../Middlewares/ST/STM32_USB_Device_Library/Class/HID/Inc -O0 -ffunction-sections -fdata-sections -Wall -fstack-usage -fcyclomatic-complexity -MMD -MP -MF"Core/Src/main.d" -MT"Core/Src/main.o" --specs=nano.specs -mfpu=fpv4-sp-d16 -mfloat-abi=hard -mthumb -o "Core/Src/main.o"
arm-none-eabi-gcc -o "cv09.elf" @"objects.list"   -mcpu=cortex-m4 -T"C:\Temp\tavoda\MPC-MKS\cv09\STM32F429ZITX_FLASH.ld" --specs=nosys.specs -Wl,-Map="cv09.map" -Wl,--gc-sections -static --specs=nano.specs -mfpu=fpv4-sp-d16 -mfloat-abi=hard -mthumb -u _printf_float -Wl,--start-group -lc -lm -Wl,--end-group
Finished building target: cv09.elf
 
arm-none-eabi-size  cv09.elf 
arm-none-eabi-objdump -h -S cv09.elf  > "cv09.list"
   text	   data	    bss	    dec	    hex	filename
  47420	    740	   4500	  52660	   cdb4	cv09.elf
Finished building: default.size.stdout
 
Finished building: cv09.list
 

10:37:24 Build Finished. 0 errors, 0 warnings. (took 1s.537ms)

