10:21:19 **** Incremental Build of configuration Debug for project cv10 ****
make -j4 all 
arm-none-eabi-gcc "../Core/Src/telnet.c" -mcpu=cortex-m4 -std=gnu11 -g3 -DDEBUG -DUSE_HAL_DRIVER -DSTM32F429xx -c -I../Core/Inc -I../Drivers/STM32F4xx_HAL_Driver/Inc -I../Drivers/STM32F4xx_HAL_Driver/Inc/Legacy -I../Drivers/CMSIS/Device/ST/STM32F4xx/Include -I../Drivers/CMSIS/Include -I../LWIP/App -I../LWIP/Target -I../Middlewares/Third_Party/LwIP/src/include -I../Middlewares/Third_Party/LwIP/system -I../Middlewares/Third_Party/FreeRTOS/Source/include -I../Middlewares/Third_Party/FreeRTOS/Source/CMSIS_RTOS -I../Middlewares/Third_Party/FreeRTOS/Source/portable/GCC/ARM_CM4F -I../Drivers/BSP/Components/lan8742 -I../Middlewares/Third_Party/LwIP/src/include/netif/ppp -I../Middlewares/Third_Party/LwIP/src/include/lwip -I../Middlewares/Third_Party/LwIP/src/include/lwip/apps -I../Middlewares/Third_Party/LwIP/src/include/lwip/priv -I../Middlewares/Third_Party/LwIP/src/include/lwip/prot -I../Middlewares/Third_Party/LwIP/src/include/netif -I../Middlewares/Third_Party/LwIP/src/include/compat/posix -I../Middlewares/Third_Party/LwIP/src/include/compat/posix/arpa -I../Middlewares/Third_Party/LwIP/src/include/compat/posix/net -I../Middlewares/Third_Party/LwIP/src/include/compat/posix/sys -I../Middlewares/Third_Party/LwIP/src/include/compat/stdc -I../Middlewares/Third_Party/LwIP/system/arch -I../Middlewares/Third_Party/LwIP/src/apps/http -O0 -ffunction-sections -fdata-sections -Wall -fstack-usage -fcyclomatic-complexity -MMD -MP -MF"Core/Src/telnet.d" -MT"Core/Src/telnet.o" --specs=nano.specs -mfpu=fpv4-sp-d16 -mfloat-abi=hard -mthumb -o "Core/Src/telnet.o"
arm-none-eabi-gcc -o "cv10.elf" @"objects.list"   -mcpu=cortex-m4 -T"C:\Temp\tavoda\MPC-MKS\cv10\STM32F429ZITX_FLASH.ld" --specs=nosys.specs -Wl,-Map="cv10.map" -Wl,--gc-sections -static --specs=nano.specs -mfpu=fpv4-sp-d16 -mfloat-abi=hard -mthumb -Wl,--start-group -lc -lm -Wl,--end-group
Finished building target: cv10.elf
 
arm-none-eabi-size  cv10.elf 
arm-none-eabi-objdump -h -S cv10.elf  > "cv10.list"
   text	   data	    bss	    dec	    hex	filename
 164624	    144	  71176	 235944	  399a8	cv10.elf
Finished building: default.size.stdout
 
Finished building: cv10.list
 
10:21:29 **** Incremental Build of configuration Debug for project cv10 ****
make -j4 all 
arm-none-eabi-size  cv10.elf 
   text	   data	    bss	    dec	    hex	filename
 164624	    144	  71176	 235944	  399a8	cv10.elf
Finished building: default.size.stdout
 
